// Jest Snapshot v1, https://goo.gl/fbAQLP

exports[`<WorkoutDetail /> renders without crashing 1`] = `
Object {
  "asFragment": [Function],
  "baseElement": <body>
    <div>
      <div
        class="sc-bczRLJ brMoBP"
      >
        <h3
          class="heading sc-gsnTZi lmBgFI"
          data-font="gotham"
          data-variation="display"
        >
          Strength and Agility by Amber Autrey
        </h3>
        <span
          class="label sc-dkzDqf bmHYPV"
          data-size="default"
        >
          Enjoy a fun and high energy workout with Amber. We will engage a full body workout and get your heart rate up!
        </span>
        <div
          class="sc-eCYdqJ gUGBKD"
        >
          <div
            class="tag sc-jSMfEi dxkJpK"
            data-emphasis="primary"
            data-size="default"
            data-variation="alternative"
          >
            <p
              class="paragraph "
              data-size="small"
              data-weight="bold"
            >
              Level 
              beginner
            </p>
          </div>
          <div
            class="tag sc-jSMfEi dxkJpK"
            data-emphasis="default"
            data-size="default"
            data-variation="default"
          >
            <p
              class="paragraph "
              data-size="small"
              data-weight="bold"
            >
              Impact 
              high
            </p>
          </div>
          <div
            class="tag sc-jSMfEi dxkJpK"
            data-emphasis="default"
            data-size="default"
            data-variation="alternative"
          >
            <p
              class="paragraph "
              data-size="small"
              data-weight="bold"
            >
              60
               mins
            </p>
          </div>
        </div>
        <div
          class="sc-hKMtZM cbTIWG"
        >
          <div
            data-testid="video-player"
            style="width: 640px; height: 360px;"
          />
        </div>
      </div>
    </div>
  </body>,
  "container": <div>
    <div
      class="sc-bczRLJ brMoBP"
    >
      <h3
        class="heading sc-gsnTZi lmBgFI"
        data-font="gotham"
        data-variation="display"
      >
        Strength and Agility by Amber Autrey
      </h3>
      <span
        class="label sc-dkzDqf bmHYPV"
        data-size="default"
      >
        Enjoy a fun and high energy workout with Amber. We will engage a full body workout and get your heart rate up!
      </span>
      <div
        class="sc-eCYdqJ gUGBKD"
      >
        <div
          class="tag sc-jSMfEi dxkJpK"
          data-emphasis="primary"
          data-size="default"
          data-variation="alternative"
        >
          <p
            class="paragraph "
            data-size="small"
            data-weight="bold"
          >
            Level 
            beginner
          </p>
        </div>
        <div
          class="tag sc-jSMfEi dxkJpK"
          data-emphasis="default"
          data-size="default"
          data-variation="default"
        >
          <p
            class="paragraph "
            data-size="small"
            data-weight="bold"
          >
            Impact 
            high
          </p>
        </div>
        <div
          class="tag sc-jSMfEi dxkJpK"
          data-emphasis="default"
          data-size="default"
          data-variation="alternative"
        >
          <p
            class="paragraph "
            data-size="small"
            data-weight="bold"
          >
            60
             mins
          </p>
        </div>
      </div>
      <div
        class="sc-hKMtZM cbTIWG"
      >
        <div
          data-testid="video-player"
          style="width: 640px; height: 360px;"
        />
      </div>
    </div>
  </div>,
  "debug": [Function],
  "findAllByAltText": [Function],
  "findAllByDisplayValue": [Function],
  "findAllByLabelText": [Function],
  "findAllByPlaceholderText": [Function],
  "findAllByRole": [Function],
  "findAllByTestId": [Function],
  "findAllByText": [Function],
  "findAllByTitle": [Function],
  "findByAltText": [Function],
  "findByDisplayValue": [Function],
  "findByLabelText": [Function],
  "findByPlaceholderText": [Function],
  "findByRole": [Function],
  "findByTestId": [Function],
  "findByText": [Function],
  "findByTitle": [Function],
  "getAllByAltText": [Function],
  "getAllByDisplayValue": [Function],
  "getAllByLabelText": [Function],
  "getAllByPlaceholderText": [Function],
  "getAllByRole": [Function],
  "getAllByTestId": [Function],
  "getAllByText": [Function],
  "getAllByTitle": [Function],
  "getByAltText": [Function],
  "getByDisplayValue": [Function],
  "getByLabelText": [Function],
  "getByPlaceholderText": [Function],
  "getByRole": [Function],
  "getByTestId": [Function],
  "getByText": [Function],
  "getByTitle": [Function],
  "queryAllByAltText": [Function],
  "queryAllByDisplayValue": [Function],
  "queryAllByLabelText": [Function],
  "queryAllByPlaceholderText": [Function],
  "queryAllByRole": [Function],
  "queryAllByTestId": [Function],
  "queryAllByText": [Function],
  "queryAllByTitle": [Function],
  "queryByAltText": [Function],
  "queryByDisplayValue": [Function],
  "queryByLabelText": [Function],
  "queryByPlaceholderText": [Function],
  "queryByRole": [Function],
  "queryByTestId": [Function],
  "queryByText": [Function],
  "queryByTitle": [Function],
  "rerender": [Function],
  "unmount": [Function],
}
`;
